Task 7 processing n_c=116 with JULIA_NUM_THREADS=16
n_c=116: tasks=6063
Total tasks: 6063
Threads: 16
Completed 2275 / 6063
Completed 4550 / 6063
Completed 1900 / 6063
Completed 4175 / 6063
Completed 3800 / 6063
Completed 1525 / 6063
Completed 1150 / 6063
Completed 3425 / 6063
Completed 5700 / 6063
Completed 3050 / 6063
Completed 775 / 6063
Completed 4950 / 6063
Completed 5325 / 6063
Completed 2675 / 6063
Completed 400 / 6063
Completed 1925 / 6063
Completed 25 / 6063
Completed 2300 / 6063
Completed 4200 / 6063
Completed 4575 / 6063
Completed 3825 / 6063
Completed 1550 / 6063
Completed 1175 / 6063
Completed 3450 / 6063
Completed 800 / 6063
Completed 2700 / 6063
Completed 5725 / 6063
Completed 3075 / 6063
Completed 4975 / 6063
Completed 50 / 6063
Completed 425 / 6063
Completed 5350 / 6063
Completed 1950 / 6063
Completed 2325 / 6063
Completed 4225 / 6063
Completed 3850 / 6063
Completed 4600 / 6063
Completed 1575 / 6063
Completed 1200 / 6063
Completed 2725 / 6063
Completed 3475 / 6063
Completed 5000 / 6063
Completed 825 / 6063
Completed 75 / 6063
Completed 3100 / 6063
Completed 5750 / 6063
Completed 450 / 6063
Completed 1975 / 6063
Completed 5375 / 6063
Completed 1225 / 6063
Completed 4250 / 6063
Completed 2350 / 6063
Completed 4625 / 6063
Completed 1600 / 6063
Completed 3500 / 6063
Completed 3875 / 6063
Completed 2750 / 6063
Completed 5025 / 6063
Completed 850 / 6063
Completed 100 / 6063
Completed 2000 / 6063
Completed 475 / 6063
Completed 1250 / 6063
Completed 3125 / 6063
Completed 5400 / 6063
Completed 5775 / 6063
Completed 4275 / 6063
Completed 2375 / 6063
Completed 1625 / 6063
Completed 2775 / 6063
Completed 3525 / 6063
Completed 3900 / 6063
Completed 4650 / 6063
Completed 875 / 6063
Completed 125 / 6063
Completed 2025 / 6063
Completed 3150 / 6063
Completed 5050 / 6063
Completed 1275 / 6063
Completed 500 / 6063
Completed 5800 / 6063
Completed 5425 / 6063
Completed 4300 / 6063
Completed 2400 / 6063
Completed 1650 / 6063
Completed 3550 / 6063
Completed 2800 / 6063
Completed 4675 / 6063
Completed 5075 / 6063
Completed 3925 / 6063
Completed 900 / 6063
Completed 150 / 6063
Completed 1300 / 6063
Completed 525 / 6063
Completed 3175 / 6063
Completed 2050 / 6063
Completed 5450 / 6063
Completed 5825 / 6063
Completed 2825 / 6063
Completed 2425 / 6063
Completed 925 / 6063
Completed 1675 / 6063
Completed 4325 / 6063
Completed 4700 / 6063
Completed 3575 / 6063
Completed 1325 / 6063
Completed 5100 / 6063
Completed 3950 / 6063
Completed 550 / 6063
Completed 175 / 6063
Completed 3200 / 6063
Completed 2075 / 6063
Completed 5475 / 6063
Completed 5850 / 6063
Completed 2850 / 6063
Completed 1700 / 6063
Completed 950 / 6063
Completed 2450 / 6063
Completed 4350 / 6063
Completed 3600 / 6063
Completed 1350 / 6063
Completed 4725 / 6063
Completed 5125 / 6063
Completed 3975 / 6063
Completed 575 / 6063
Completed 3225 / 6063
Completed 200 / 6063
Completed 5500 / 6063
Completed 2100 / 6063
Completed 2875 / 6063
Completed 2475 / 6063
Completed 1725 / 6063
Completed 5875 / 6063
Completed 1375 / 6063
Completed 4375 / 6063
Completed 3625 / 6063
Completed 975 / 6063
Completed 225 / 6063
Completed 5150 / 6063
Completed 4750 / 6063
Completed 4000 / 6063
Completed 3250 / 6063
Completed 2500 / 6063
Completed 600 / 6063
Completed 2900 / 6063
Completed 5525 / 6063
Completed 2125 / 6063
Completed 1750 / 6063
Completed 5900 / 6063
Completed 1400 / 6063
Completed 4400 / 6063
Completed 3650 / 6063
Completed 1000 / 6063
Completed 4775 / 6063
Completed 250 / 6063
Completed 5175 / 6063
Completed 4025 / 6063
Completed 2925 / 6063
Completed 3275 / 6063
Completed 625 / 6063
Completed 2525 / 6063
Completed 5550 / 6063
Completed 1775 / 6063
Completed 2150 / 6063
Completed 1425 / 6063
Completed 3675 / 6063
Completed 5925 / 6063
Completed 4425 / 6063
Completed 4800 / 6063
Completed 1025 / 6063
Completed 275 / 6063
Completed 5200 / 6063
Completed 4050 / 6063
Completed 2550 / 6063
Completed 2950 / 6063
Completed 650 / 6063
Completed 3300 / 6063
Completed 1800 / 6063
Completed 5575 / 6063
Completed 1450 / 6063
Completed 2175 / 6063
Completed 3700 / 6063
Completed 4450 / 6063
Completed 5950 / 6063
Completed 4825 / 6063
Completed 2575 / 6063
Completed 1050 / 6063
Completed 300 / 6063
Completed 5225 / 6063
Completed 4075 / 6063
Completed 2975 / 6063
Completed 1825 / 6063
Completed 675 / 6063
Completed 3325 / 6063
Completed 5600 / 6063
Completed 1475 / 6063
Completed 2200 / 6063
Completed 4475 / 6063
Completed 3725 / 6063
Completed 1075 / 6063
Completed 5975 / 6063
Completed 325 / 6063
Completed 4850 / 6063
Completed 2600 / 6063
Completed 4100 / 6063
Completed 5250 / 6063
Completed 3000 / 6063
Completed 1850 / 6063
Completed 5625 / 6063
Completed 3350 / 6063
Completed 700 / 6063
Completed 1500 / 6063
Completed 2225 / 6063
Completed 3750 / 6063
Completed 1100 / 6063
Completed 4500 / 6063
Completed 6000 / 6063
Completed 350 / 6063
Completed 4875 / 6063
Completed 4125 / 6063
Completed 2625 / 6063
Completed 3025 / 6063
Completed 1875 / 6063
Completed 5275 / 6063
Completed 725 / 6063
Completed 3375 / 6063
Completed 2250 / 6063
Completed 5650 / 6063
Completed 3775 / 6063
Completed 1125 / 6063
Completed 6025 / 6063
Completed 4900 / 6063
Completed 4525 / 6063
Completed 375 / 6063
Completed 2650 / 6063
Completed 4150 / 6063
Completed 750 / 6063
Completed 5300 / 6063
Completed 3400 / 6063
Completed 6050 / 6063
Completed 5675 / 6063
Completed 4925 / 6063
Saved: results/asym_depth_parts/ipr_depth_n116.csv
Done n_c=116 -> results/asym_depth_parts/ipr_depth_n116.csv
