Task 6 processing n_c=114 with JULIA_NUM_THREADS=16
n_c=114: tasks=4468
Total tasks: 4468
Threads: 16
Completed 1400 / 4468
Completed 3075 / 4468
Completed 1125 / 4468
Completed 2800 / 4468
Completed 2525 / 4468
Completed 850 / 4468
Completed 4200 / 4468
Completed 2250 / 4468
Completed 3925 / 4468
Completed 1975 / 4468
Completed 575 / 4468
Completed 300 / 4468
Completed 1700 / 4468
Completed 3650 / 4468
Completed 3375 / 4468
Completed 25 / 4468
Completed 3100 / 4468
Completed 1425 / 4468
Completed 2825 / 4468
Completed 1150 / 4468
Completed 2275 / 4468
Completed 875 / 4468
Completed 2550 / 4468
Completed 4225 / 4468
Completed 2000 / 4468
Completed 600 / 4468
Completed 3950 / 4468
Completed 325 / 4468
Completed 1450 / 4468
Completed 3675 / 4468
Completed 1725 / 4468
Completed 3400 / 4468
Completed 3125 / 4468
Completed 50 / 4468
Completed 1175 / 4468
Completed 2850 / 4468
Completed 4250 / 4468
Completed 900 / 4468
Completed 625 / 4468
Completed 2300 / 4468
Completed 2575 / 4468
Completed 1475 / 4468
Completed 350 / 4468
Completed 2025 / 4468
Completed 3975 / 4468
Completed 3700 / 4468
Completed 1750 / 4468
Completed 75 / 4468
Completed 3150 / 4468
Completed 3425 / 4468
Completed 1200 / 4468
Completed 2875 / 4468
Completed 4275 / 4468
Completed 650 / 4468
Completed 2600 / 4468
Completed 2325 / 4468
Completed 925 / 4468
Completed 375 / 4468
Completed 2050 / 4468
Completed 1500 / 4468
Completed 1775 / 4468
Completed 100 / 4468
Completed 3725 / 4468
Completed 4000 / 4468
Completed 1225 / 4468
Completed 3175 / 4468
Completed 3450 / 4468
Completed 2900 / 4468
Completed 4300 / 4468
Completed 2350 / 4468
Completed 675 / 4468
Completed 2625 / 4468
Completed 2075 / 4468
Completed 950 / 4468
Completed 1525 / 4468
Completed 400 / 4468
Completed 1800 / 4468
Completed 125 / 4468
Completed 1250 / 4468
Completed 4025 / 4468
Completed 3750 / 4468
Completed 2925 / 4468
Completed 3200 / 4468
Completed 3475 / 4468
Completed 2375 / 4468
Completed 4325 / 4468
Completed 2100 / 4468
Completed 700 / 4468
Completed 2650 / 4468
Completed 1550 / 4468
Completed 975 / 4468
Completed 425 / 4468
Completed 150 / 4468
Completed 1275 / 4468
Completed 1825 / 4468
Completed 4050 / 4468
Completed 3775 / 4468
Completed 1575 / 4468
Completed 725 / 4468
Completed 2950 / 4468
Completed 3225 / 4468
Completed 4350 / 4468
Completed 3500 / 4468
Completed 2400 / 4468
Completed 2125 / 4468
Completed 1000 / 4468
Completed 2675 / 4468
Completed 1300 / 4468
Completed 175 / 4468
Completed 450 / 4468
Completed 1850 / 4468
Completed 3800 / 4468
Completed 750 / 4468
Completed 1600 / 4468
Completed 4075 / 4468
Completed 2975 / 4468
Completed 3250 / 4468
Completed 2425 / 4468
Completed 4375 / 4468
Completed 3525 / 4468
Completed 2150 / 4468
Completed 1025 / 4468
Completed 2700 / 4468
Completed 1325 / 4468
Completed 475 / 4468
Completed 200 / 4468
Completed 1875 / 4468
Completed 1625 / 4468
Completed 3825 / 4468
Completed 775 / 4468
Completed 3275 / 4468
Completed 4100 / 4468
Completed 2450 / 4468
Completed 3550 / 4468
Completed 3000 / 4468
Completed 2175 / 4468
Completed 4400 / 4468
Completed 1050 / 4468
Completed 1350 / 4468
Completed 2725 / 4468
Completed 500 / 4468
Completed 3300 / 4468
Completed 1650 / 4468
Completed 1900 / 4468
Completed 225 / 4468
Completed 800 / 4468
Completed 3025 / 4468
Completed 3575 / 4468
Completed 4125 / 4468
Completed 3850 / 4468
Completed 4425 / 4468
Completed 1075 / 4468
Completed 2475 / 4468
Completed 2200 / 4468
Completed 2750 / 4468
Completed 1375 / 4468
Completed 525 / 4468
Completed 1675 / 4468
Completed 3325 / 4468
Completed 1925 / 4468
Completed 3050 / 4468
Completed 250 / 4468
Completed 3600 / 4468
Completed 4150 / 4468
Completed 825 / 4468
Completed 2500 / 4468
Completed 3875 / 4468
Completed 1100 / 4468
Completed 2225 / 4468
Completed 4450 / 4468
Completed 2775 / 4468
Completed 550 / 4468
Completed 3350 / 4468
Completed 1950 / 4468
Completed 3625 / 4468
Completed 275 / 4468
Completed 4175 / 4468
Completed 3900 / 4468
Saved: results/asym_depth_parts/ipr_depth_n114.csv
Done n_c=114 -> results/asym_depth_parts/ipr_depth_n114.csv
