Task 4 processing n_c=110 with JULIA_NUM_THREADS=16
n_c=110: tasks=2355
Total tasks: 2355
Threads: 16
Completed 1475 / 2355
Completed 150 / 2355
Completed 450 / 2355
Completed 300 / 2355
Completed 1625 / 2355
Completed 1775 / 2355
Completed 600 / 2355
Completed 750 / 2355
Completed 1925 / 2355
Completed 2075 / 2355
Completed 900 / 2355
Completed 1050 / 2355
Completed 2225 / 2355
Completed 25 / 2355
Completed 175 / 2355
Completed 1200 / 2355
Completed 475 / 2355
Completed 1350 / 2355
Completed 325 / 2355
Completed 1500 / 2355
Completed 1650 / 2355
Completed 1800 / 2355
Completed 625 / 2355
Completed 1075 / 2355
Completed 775 / 2355
Completed 2100 / 2355
Completed 1950 / 2355
Completed 925 / 2355
Completed 2250 / 2355
Completed 200 / 2355
Completed 50 / 2355
Completed 1225 / 2355
Completed 350 / 2355
Completed 1375 / 2355
Completed 500 / 2355
Completed 1675 / 2355
Completed 650 / 2355
Completed 1525 / 2355
Completed 1100 / 2355
Completed 800 / 2355
Completed 1825 / 2355
Completed 950 / 2355
Completed 2125 / 2355
Completed 2275 / 2355
Completed 1975 / 2355
Completed 75 / 2355
Completed 225 / 2355
Completed 1400 / 2355
Completed 675 / 2355
Completed 375 / 2355
Completed 1250 / 2355
Completed 525 / 2355
Completed 1125 / 2355
Completed 1700 / 2355
Completed 1550 / 2355
Completed 975 / 2355
Completed 1850 / 2355
Completed 825 / 2355
Completed 2150 / 2355
Completed 100 / 2355
Completed 2300 / 2355
Completed 2000 / 2355
Completed 400 / 2355
Completed 250 / 2355
Completed 1150 / 2355
Completed 700 / 2355
Completed 1275 / 2355
Completed 1425 / 2355
Completed 550 / 2355
Completed 1725 / 2355
Completed 1575 / 2355
Completed 1875 / 2355
Completed 1000 / 2355
Completed 850 / 2355
Completed 125 / 2355
Completed 2175 / 2355
Completed 425 / 2355
Completed 2025 / 2355
Completed 1450 / 2355
Completed 275 / 2355
Completed 2325 / 2355
Completed 1300 / 2355
Completed 725 / 2355
Completed 1175 / 2355
Completed 575 / 2355
Completed 1600 / 2355
Completed 1750 / 2355
Completed 1900 / 2355
Completed 1025 / 2355
Completed 875 / 2355
Completed 2050 / 2355
Completed 2350 / 2355
Completed 1325 / 2355
Completed 2200 / 2355
Saved: results/asym_depth_parts/ipr_depth_n110.csv
Done n_c=110 -> results/asym_depth_parts/ipr_depth_n110.csv
