Task 3 processing n_c=108 with JULIA_NUM_THREADS=16
n_c=108: tasks=1799
Total tasks: 1799
Threads: 16
Completed 800 / 1799
Completed 1025 / 1799
Completed 575 / 1799
Completed 1475 / 1799
Completed 1250 / 1799
Completed 350 / 1799
Completed 125 / 1799
Completed 1700 / 1799
Completed 925 / 1799
Completed 700 / 1799
Completed 475 / 1799
Completed 1150 / 1799
Completed 25 / 1799
Completed 1600 / 1799
Completed 250 / 1799
Completed 600 / 1799
Completed 1375 / 1799
Completed 375 / 1799
Completed 825 / 1799
Completed 1725 / 1799
Completed 1500 / 1799
Completed 150 / 1799
Completed 1050 / 1799
Completed 1275 / 1799
Completed 950 / 1799
Completed 50 / 1799
Completed 1175 / 1799
Completed 625 / 1799
Completed 500 / 1799
Completed 275 / 1799
Completed 725 / 1799
Completed 1625 / 1799
Completed 1400 / 1799
Completed 400 / 1799
Completed 850 / 1799
Completed 1750 / 1799
Completed 1525 / 1799
Completed 1075 / 1799
Completed 1300 / 1799
Completed 175 / 1799
Completed 525 / 1799
Completed 75 / 1799
Completed 750 / 1799
Completed 300 / 1799
Completed 975 / 1799
Completed 875 / 1799
Completed 650 / 1799
Completed 1200 / 1799
Completed 425 / 1799
Completed 1325 / 1799
Completed 1425 / 1799
Completed 1650 / 1799
Completed 550 / 1799
Completed 1550 / 1799
Completed 1775 / 1799
Completed 675 / 1799
Completed 775 / 1799
Completed 1100 / 1799
Completed 200 / 1799
Completed 100 / 1799
Completed 900 / 1799
Completed 325 / 1799
Completed 1225 / 1799
Completed 1000 / 1799
Completed 1450 / 1799
Completed 1675 / 1799
Completed 1350 / 1799
Completed 450 / 1799
Completed 1125 / 1799
Completed 1575 / 1799
Completed 225 / 1799
Saved: results/asym_depth_parts/ipr_depth_n108.csv
Done n_c=108 -> results/asym_depth_parts/ipr_depth_n108.csv
