Task 8 processing n_c=118 with JULIA_NUM_THREADS=16
n_c=118: tasks=8148
Total tasks: 8148
Threads: 16
Completed 2550 / 8148
Completed 6625 / 8148
Completed 5100 / 8148
Completed 1025 / 8148
Completed 3575 / 8148
Completed 2050 / 8148
Completed 7650 / 8148
Completed 6125 / 8148
Completed 525 / 8148
Completed 3075 / 8148
Completed 4600 / 8148
Completed 1550 / 8148
Completed 7150 / 8148
Completed 5625 / 8148
Completed 4100 / 8148
Completed 25 / 8148
Completed 2575 / 8148
Completed 6650 / 8148
Completed 5125 / 8148
Completed 1050 / 8148
Completed 3600 / 8148
Completed 2075 / 8148
Completed 7675 / 8148
Completed 3100 / 8148
Completed 4625 / 8148
Completed 6150 / 8148
Completed 550 / 8148
Completed 1575 / 8148
Completed 50 / 8148
Completed 7175 / 8148
Completed 4125 / 8148
Completed 5650 / 8148
Completed 2600 / 8148
Completed 3625 / 8148
Completed 6675 / 8148
Completed 5150 / 8148
Completed 1075 / 8148
Completed 2100 / 8148
Completed 7700 / 8148
Completed 4650 / 8148
Completed 6175 / 8148
Completed 3125 / 8148
Completed 575 / 8148
Completed 75 / 8148
Completed 1600 / 8148
Completed 7200 / 8148
Completed 2625 / 8148
Completed 5675 / 8148
Completed 4150 / 8148
Completed 3650 / 8148
Completed 6700 / 8148
Completed 1100 / 8148
Completed 5175 / 8148
Completed 7725 / 8148
Completed 4675 / 8148
Completed 2125 / 8148
Completed 3150 / 8148
Completed 6200 / 8148
Completed 100 / 8148
Completed 600 / 8148
Completed 1625 / 8148
Completed 5700 / 8148
Completed 7225 / 8148
Completed 2650 / 8148
Completed 4175 / 8148
Completed 3675 / 8148
Completed 1125 / 8148
Completed 2150 / 8148
Completed 6725 / 8148
Completed 7750 / 8148
Completed 5200 / 8148
Completed 3175 / 8148
Completed 4700 / 8148
Completed 125 / 8148
Completed 6225 / 8148
Completed 1650 / 8148
Completed 625 / 8148
Completed 5725 / 8148
Completed 7250 / 8148
Completed 2675 / 8148
Completed 1150 / 8148
Completed 4200 / 8148
Completed 3700 / 8148
Completed 7775 / 8148
Completed 2175 / 8148
Completed 6750 / 8148
Completed 5225 / 8148
Completed 4725 / 8148
Completed 150 / 8148
Completed 3200 / 8148
Completed 1675 / 8148
Completed 6250 / 8148
Completed 5750 / 8148
Completed 650 / 8148
Completed 2700 / 8148
Completed 7275 / 8148
Completed 1175 / 8148
Completed 3725 / 8148
Completed 4225 / 8148
Completed 2200 / 8148
Completed 7800 / 8148
Completed 6775 / 8148
Completed 4750 / 8148
Completed 175 / 8148
Completed 1700 / 8148
Completed 5250 / 8148
Completed 3225 / 8148
Completed 6275 / 8148
Completed 675 / 8148
Completed 5775 / 8148
Completed 7300 / 8148
Completed 6800 / 8148
Completed 2725 / 8148
Completed 2225 / 8148
Completed 4250 / 8148
Completed 3750 / 8148
Completed 4775 / 8148
Completed 1200 / 8148
Completed 7825 / 8148
Completed 200 / 8148
Completed 1725 / 8148
Completed 5275 / 8148
Completed 3250 / 8148
Completed 6300 / 8148
Completed 700 / 8148
Completed 5800 / 8148
Completed 2250 / 8148
Completed 7325 / 8148
Completed 6825 / 8148
Completed 225 / 8148
Completed 2750 / 8148
Completed 4275 / 8148
Completed 4800 / 8148
Completed 1225 / 8148
Completed 3775 / 8148
Completed 7850 / 8148
Completed 3275 / 8148
Completed 1750 / 8148
Completed 5300 / 8148
Completed 6325 / 8148
Completed 725 / 8148
Completed 2275 / 8148
Completed 5825 / 8148
Completed 250 / 8148
Completed 7350 / 8148
Completed 6850 / 8148
Completed 1250 / 8148
Completed 3800 / 8148
Completed 4825 / 8148
Completed 2775 / 8148
Completed 4300 / 8148
Completed 3300 / 8148
Completed 7875 / 8148
Completed 1775 / 8148
Completed 5325 / 8148
Completed 750 / 8148
Completed 6350 / 8148
Completed 2300 / 8148
Completed 275 / 8148
Completed 5850 / 8148
Completed 1275 / 8148
Completed 7375 / 8148
Completed 4850 / 8148
Completed 3825 / 8148
Completed 6875 / 8148
Completed 2800 / 8148
Completed 1800 / 8148
Completed 3325 / 8148
Completed 7900 / 8148
Completed 4325 / 8148
Completed 5350 / 8148
Completed 6375 / 8148
Completed 775 / 8148
Completed 2325 / 8148
Completed 300 / 8148
Completed 5875 / 8148
Completed 2825 / 8148
Completed 3350 / 8148
Completed 7400 / 8148
Completed 1300 / 8148
Completed 6900 / 8148
Completed 4875 / 8148
Completed 3850 / 8148
Completed 7925 / 8148
Completed 4350 / 8148
Completed 1825 / 8148
Completed 5375 / 8148
Completed 800 / 8148
Completed 6400 / 8148
Completed 2350 / 8148
Completed 5900 / 8148
Completed 325 / 8148
Completed 7425 / 8148
Completed 1325 / 8148
Completed 2850 / 8148
Completed 3375 / 8148
Completed 4375 / 8148
Completed 3875 / 8148
Completed 6925 / 8148
Completed 7950 / 8148
Completed 4900 / 8148
Completed 1850 / 8148
Completed 825 / 8148
Completed 5400 / 8148
Completed 2375 / 8148
Completed 6425 / 8148
Completed 5925 / 8148
Completed 350 / 8148
Completed 7450 / 8148
Completed 2875 / 8148
Completed 1350 / 8148
Completed 4400 / 8148
Completed 3400 / 8148
Completed 4925 / 8148
Completed 6950 / 8148
Completed 3900 / 8148
Completed 7975 / 8148
Completed 1875 / 8148
Completed 850 / 8148
Completed 5425 / 8148
Completed 2400 / 8148
Completed 6450 / 8148
Completed 5950 / 8148
Completed 375 / 8148
Completed 3425 / 8148
Completed 7475 / 8148
Completed 1375 / 8148
Completed 2900 / 8148
Completed 4425 / 8148
Completed 4950 / 8148
Completed 1900 / 8148
Completed 6975 / 8148
Completed 3925 / 8148
Completed 8000 / 8148
Completed 2425 / 8148
Completed 875 / 8148
Completed 5450 / 8148
Completed 6475 / 8148
Completed 400 / 8148
Completed 7500 / 8148
Completed 5975 / 8148
Completed 3450 / 8148
Completed 2925 / 8148
Completed 1400 / 8148
Completed 7000 / 8148
Completed 4450 / 8148
Completed 4975 / 8148
Completed 1925 / 8148
Completed 3950 / 8148
Completed 2450 / 8148
Completed 8025 / 8148
Completed 900 / 8148
Completed 5475 / 8148
Completed 6500 / 8148
Completed 7525 / 8148
Completed 425 / 8148
Completed 3475 / 8148
Completed 6000 / 8148
Completed 2950 / 8148
Completed 7025 / 8148
Completed 1425 / 8148
Completed 2475 / 8148
Completed 4475 / 8148
Completed 5000 / 8148
Completed 1950 / 8148
Completed 3975 / 8148
Completed 925 / 8148
Completed 8050 / 8148
Completed 5500 / 8148
Completed 6525 / 8148
Completed 7550 / 8148
Completed 3500 / 8148
Completed 450 / 8148
Completed 6025 / 8148
Completed 7050 / 8148
Completed 2975 / 8148
Completed 1450 / 8148
Completed 2500 / 8148
Completed 5025 / 8148
Completed 4500 / 8148
Completed 1975 / 8148
Completed 4000 / 8148
Completed 950 / 8148
Completed 8075 / 8148
Completed 5525 / 8148
Completed 6550 / 8148
Completed 3525 / 8148
Completed 7575 / 8148
Completed 6050 / 8148
Completed 475 / 8148
Completed 3000 / 8148
Completed 7075 / 8148
Completed 1475 / 8148
Completed 2000 / 8148
Completed 4025 / 8148
Completed 975 / 8148
Completed 2525 / 8148
Completed 8100 / 8148
Completed 5050 / 8148
Completed 4525 / 8148
Completed 5550 / 8148
Completed 7600 / 8148
Completed 3550 / 8148
Completed 6575 / 8148
Completed 500 / 8148
Completed 7100 / 8148
Completed 6075 / 8148
Completed 3025 / 8148
Completed 4050 / 8148
Completed 8125 / 8148
Completed 2025 / 8148
Completed 1500 / 8148
Completed 1000 / 8148
Completed 4550 / 8148
Completed 5075 / 8148
Completed 5575 / 8148
Completed 7625 / 8148
Completed 6600 / 8148
Completed 6100 / 8148
Completed 4075 / 8148
Completed 7125 / 8148
Completed 3050 / 8148
Completed 1525 / 8148
Completed 4575 / 8148
Completed 5600 / 8148
Saved: results/asym_depth_parts/ipr_depth_n118.csv
Done n_c=118 -> results/asym_depth_parts/ipr_depth_n118.csv
