Task 5 processing n_c=112 with JULIA_NUM_THREADS=16
n_c=112: tasks=3342
Total tasks: 3342
Threads: 16
Completed 2300 / 3342
Completed 1675 / 3342
Completed 1050 / 3342
Completed 2725 / 3342
Completed 425 / 3342
Completed 1475 / 3342
Completed 2100 / 3342
Completed 850 / 3342
Completed 3150 / 3342
Completed 225 / 3342
Completed 2525 / 3342
Completed 1900 / 3342
Completed 1275 / 3342
Completed 25 / 3342
Completed 1700 / 3342
Completed 650 / 3342
Completed 2950 / 3342
Completed 2325 / 3342
Completed 875 / 3342
Completed 1500 / 3342
Completed 2125 / 3342
Completed 1075 / 3342
Completed 450 / 3342
Completed 2750 / 3342
Completed 1300 / 3342
Completed 3175 / 3342
Completed 250 / 3342
Completed 2550 / 3342
Completed 1925 / 3342
Completed 50 / 3342
Completed 675 / 3342
Completed 2350 / 3342
Completed 2975 / 3342
Completed 1725 / 3342
Completed 900 / 3342
Completed 1100 / 3342
Completed 475 / 3342
Completed 1525 / 3342
Completed 2150 / 3342
Completed 1325 / 3342
Completed 2775 / 3342
Completed 275 / 3342
Completed 3200 / 3342
Completed 1950 / 3342
Completed 2575 / 3342
Completed 75 / 3342
Completed 925 / 3342
Completed 700 / 3342
Completed 2375 / 3342
Completed 1125 / 3342
Completed 3000 / 3342
Completed 500 / 3342
Completed 1750 / 3342
Completed 1550 / 3342
Completed 1350 / 3342
Completed 2175 / 3342
Completed 2800 / 3342
Completed 950 / 3342
Completed 300 / 3342
Completed 100 / 3342
Completed 1975 / 3342
Completed 725 / 3342
Completed 2600 / 3342
Completed 3225 / 3342
Completed 2400 / 3342
Completed 1375 / 3342
Completed 1150 / 3342
Completed 3025 / 3342
Completed 525 / 3342
Completed 1775 / 3342
Completed 975 / 3342
Completed 1575 / 3342
Completed 125 / 3342
Completed 2825 / 3342
Completed 325 / 3342
Completed 2000 / 3342
Completed 2200 / 3342
Completed 3250 / 3342
Completed 550 / 3342
Completed 2625 / 3342
Completed 750 / 3342
Completed 1000 / 3342
Completed 1400 / 3342
Completed 1175 / 3342
Completed 2425 / 3342
Completed 3050 / 3342
Completed 1800 / 3342
Completed 1600 / 3342
Completed 2850 / 3342
Completed 150 / 3342
Completed 2225 / 3342
Completed 350 / 3342
Completed 2025 / 3342
Completed 2650 / 3342
Completed 775 / 3342
Completed 575 / 3342
Completed 1425 / 3342
Completed 3275 / 3342
Completed 1200 / 3342
Completed 1025 / 3342
Completed 1825 / 3342
Completed 2450 / 3342
Completed 1625 / 3342
Completed 3075 / 3342
Completed 175 / 3342
Completed 2875 / 3342
Completed 2050 / 3342
Completed 375 / 3342
Completed 2675 / 3342
Completed 1450 / 3342
Completed 2250 / 3342
Completed 1225 / 3342
Completed 3300 / 3342
Completed 800 / 3342
Completed 600 / 3342
Completed 3100 / 3342
Completed 1850 / 3342
Completed 2900 / 3342
Completed 1650 / 3342
Completed 2475 / 3342
Completed 200 / 3342
Completed 2075 / 3342
Completed 400 / 3342
Completed 2700 / 3342
Completed 3325 / 3342
Completed 825 / 3342
Completed 2275 / 3342
Completed 1250 / 3342
Completed 625 / 3342
Completed 2925 / 3342
Completed 3125 / 3342
Completed 1875 / 3342
Completed 2500 / 3342
Saved: results/asym_depth_parts/ipr_depth_n112.csv
Done n_c=112 -> results/asym_depth_parts/ipr_depth_n112.csv
